 
****************************************
Report : timing
        -path full
        -delay max
        -max_paths 1
Design : DLX
Version: Z-2007.03-SP1
Date   : Thu Oct 25 20:59:41 2018
****************************************

 # A fanout number of 1000 was used for high fanout net computations.

Operating Conditions: typical   Library: NangateOpenCellLibrary
Wire Load Model Mode: top

  Startpoint: dp/exe_unit/destination_register/TMP_Q_reg[2]
              (rising edge-triggered flip-flop clocked by CLK)
  Endpoint: dp/ife_unit/BP_UNIT/PRED_HISTORY_reg[0][31]
            (rising edge-triggered flip-flop clocked by CLK)
  Path Group: CLK
  Path Type: max

  Des/Clust/Port     Wire Load Model       Library
  ------------------------------------------------
  DLX                5K_hvratio_1_1        NangateOpenCellLibrary

  Point                                                   Incr       Path
  --------------------------------------------------------------------------
  clock CLK (rise edge)                                   0.00       0.00
  clock network delay (ideal)                             0.00       0.00
  dp/exe_unit/destination_register/TMP_Q_reg[2]/CK (DFFR_X1)
                                                          0.00 #     0.00 r
  dp/exe_unit/destination_register/TMP_Q_reg[2]/Q (DFFR_X1)
                                                          0.09       0.09 f
  dp/exe_unit/destination_register/Q[2] (FD_NB5_0)        0.00       0.09 f
  dp/exe_unit/DEST_OUT[2] (EXECUTION_UNIT_NB32_LS5)       0.00       0.09 f
  dp/fw_unit/Rd_MEM[2] (FOREWARD_UNIT_NB32_LS5)           0.00       0.09 f
  dp/fw_unit/U20/ZN (OR3_X1)                              0.09       0.19 f
  dp/fw_unit/U38/ZN (OAI22_X1)                            0.05       0.24 r
  dp/fw_unit/U48/ZN (INV_X1)                              0.03       0.27 f
  dp/fw_unit/U37/ZN (NAND4_X1)                            0.04       0.31 r
  dp/fw_unit/U30/ZN (NAND4_X1)                            0.05       0.36 f
  dp/fw_unit/U32/ZN (NOR2_X1)                             0.06       0.42 r
  dp/fw_unit/CTL_MUX2[1] (FOREWARD_UNIT_NB32_LS5)         0.00       0.42 r
  dp/exe_unit/FW_MUX2_SEL[1] (EXECUTION_UNIT_NB32_LS5)
                                                          0.00       0.42 r
  dp/exe_unit/fw_mux2/SEL[1] (MUX31_generic_NB32_1)       0.00       0.42 r
  dp/exe_unit/fw_mux2/U80/ZN (NOR2_X1)                    0.04       0.45 f
  dp/exe_unit/fw_mux2/U11/Z (BUF_X1)                      0.06       0.51 f
  dp/exe_unit/fw_mux2/U64/ZN (AOI222_X1)                  0.13       0.64 r
  dp/exe_unit/fw_mux2/U8/ZN (INV_X2)                      0.09       0.73 f
  dp/exe_unit/fw_mux2/Y[6] (MUX31_generic_NB32_1)         0.00       0.73 f
  dp/exe_unit/U19/Z (XOR2_X1)                             0.11       0.84 f
  dp/exe_unit/adder/B[6] (p4addgen_NB32_CW4_0)            0.00       0.84 f
  dp/exe_unit/adder/sparse_tree/B[6] (CSTgen_CW4_NB32_0)
                                                          0.00       0.84 f
  dp/exe_unit/adder/sparse_tree/pg_n_6/b (pg_net_282)     0.00       0.84 f
  dp/exe_unit/adder/sparse_tree/pg_n_6/U2/Z (XOR2_X1)     0.08       0.93 f
  dp/exe_unit/adder/sparse_tree/pg_n_6/p (pg_net_282)     0.00       0.93 f
  dp/exe_unit/adder/sparse_tree/pg_1_8_0/Pk_1j (blockPG_242)
                                                          0.00       0.93 f
  dp/exe_unit/adder/sparse_tree/pg_1_8_0/U1/ZN (AND2_X1)
                                                          0.04       0.97 f
  dp/exe_unit/adder/sparse_tree/pg_1_8_0/Pij (blockPG_242)
                                                          0.00       0.97 f
  dp/exe_unit/adder/sparse_tree/pg_2_8_0/Pik (blockPG_228)
                                                          0.00       0.97 f
  dp/exe_unit/adder/sparse_tree/pg_2_8_0/U2/ZN (AOI21_X1)
                                                          0.05       1.02 r
  dp/exe_unit/adder/sparse_tree/pg_2_8_0/U3/ZN (INV_X1)
                                                          0.02       1.04 f
  dp/exe_unit/adder/sparse_tree/pg_2_8_0/Gij (blockPG_228)
                                                          0.00       1.04 f
  dp/exe_unit/adder/sparse_tree/gen2_3_8_1/Gik (G_79)     0.00       1.04 f
  dp/exe_unit/adder/sparse_tree/gen2_3_8_1/U2/ZN (AOI21_X1)
                                                          0.05       1.09 r
  dp/exe_unit/adder/sparse_tree/gen2_3_8_1/U1/ZN (INV_X1)
                                                          0.04       1.13 f
  dp/exe_unit/adder/sparse_tree/gen2_3_8_1/Gij (G_79)     0.00       1.13 f
  dp/exe_unit/adder/sparse_tree/gen2_4_16_1/Gk_1j (G_78)
                                                          0.00       1.13 f
  dp/exe_unit/adder/sparse_tree/gen2_4_16_1/U1/ZN (AOI21_X1)
                                                          0.05       1.17 r
  dp/exe_unit/adder/sparse_tree/gen2_4_16_1/U2/ZN (INV_X1)
                                                          0.04       1.22 f
  dp/exe_unit/adder/sparse_tree/gen2_4_16_1/Gij (G_78)
                                                          0.00       1.22 f
  dp/exe_unit/adder/sparse_tree/gen2_5_32_3/Gk_1j (G_74)
                                                          0.00       1.22 f
  dp/exe_unit/adder/sparse_tree/gen2_5_32_3/U2/ZN (AOI21_X1)
                                                          0.05       1.27 r
  dp/exe_unit/adder/sparse_tree/gen2_5_32_3/U1/ZN (INV_X1)
                                                          0.03       1.30 f
  dp/exe_unit/adder/sparse_tree/gen2_5_32_3/Gij (G_74)
                                                          0.00       1.30 f
  dp/exe_unit/adder/sparse_tree/C[5] (CSTgen_CW4_NB32_0)
                                                          0.00       1.30 f
  dp/exe_unit/adder/carry_sel/Ci[6] (sum_gen_Nrca4_NB32_0)
                                                          0.00       1.30 f
  dp/exe_unit/adder/carry_sel/csa_6/Ci (carry_sel_bk_NB4_66)
                                                          0.00       1.30 f
  dp/exe_unit/adder/carry_sel/csa_6/U26/ZN (INV_X1)       0.05       1.35 r
  dp/exe_unit/adder/carry_sel/csa_6/U24/ZN (AOI21_X1)     0.04       1.39 f
  dp/exe_unit/adder/carry_sel/csa_6/U2/ZN (OAI22_X2)      0.08       1.46 r
  dp/exe_unit/adder/carry_sel/csa_6/S[1] (carry_sel_bk_NB4_66)
                                                          0.00       1.46 r
  dp/exe_unit/adder/carry_sel/S[25] (sum_gen_Nrca4_NB32_0)
                                                          0.00       1.46 r
  dp/exe_unit/adder/S[25] (p4addgen_NB32_CW4_0)           0.00       1.46 r
  dp/exe_unit/TEMP_PC[25] (EXECUTION_UNIT_NB32_LS5)       0.00       1.46 r
  dp/ife_unit/JB_INST[25] (FETCH_UNIT_NB32_LS5)           0.00       1.46 r
  dp/ife_unit/BP_UNIT/EX_PC[25] (BP_NB32_BP_LEN4)         0.00       1.46 r
  dp/ife_unit/BP_UNIT/eq_100/B[25] (BP_NB32_BP_LEN4_DW01_cmp6_0)
                                                          0.00       1.46 r
  dp/ife_unit/BP_UNIT/eq_100/U45/ZN (XNOR2_X1)            0.07       1.53 r
  dp/ife_unit/BP_UNIT/eq_100/U42/ZN (AND4_X1)             0.07       1.60 r
  dp/ife_unit/BP_UNIT/eq_100/U49/ZN (NAND4_X1)            0.04       1.64 f
  dp/ife_unit/BP_UNIT/eq_100/U48/ZN (NOR2_X1)             0.05       1.69 r
  dp/ife_unit/BP_UNIT/eq_100/EQ (BP_NB32_BP_LEN4_DW01_cmp6_0)
                                                          0.00       1.69 r
  dp/ife_unit/BP_UNIT/U1399/ZN (NOR2_X1)                  0.03       1.72 f
  dp/ife_unit/BP_UNIT/MISS_HIT[0] (BP_NB32_BP_LEN4)       0.00       1.72 f
  dp/ife_unit/U7/ZN (AOI21_X1)                            0.04       1.77 r
  dp/ife_unit/flush_mux/SEL (MUX21_generic_NB32_0)        0.00       1.77 r
  dp/ife_unit/flush_mux/U6/Z (BUF_X1)                     0.04       1.80 r
  dp/ife_unit/flush_mux/U44/ZN (INV_X1)                   0.03       1.83 f
  dp/ife_unit/flush_mux/U2/Z (BUF_X1)                     0.05       1.88 f
  dp/ife_unit/flush_mux/U42/ZN (INV_X2)                   0.07       1.95 r
  dp/ife_unit/flush_mux/U41/ZN (OAI22_X1)                 0.05       2.00 f
  dp/ife_unit/flush_mux/Y[5] (MUX21_generic_NB32_0)       0.00       2.00 f
  dp/ife_unit/BP_UNIT/INST[5] (BP_NB32_BP_LEN4)           0.00       2.00 f
  dp/ife_unit/BP_UNIT/add_49_2/B[5] (BP_NB32_BP_LEN4_DW01_add_1)
                                                          0.00       2.00 f
  dp/ife_unit/BP_UNIT/add_49_2/U81/ZN (OR2_X1)            0.07       2.07 f
  dp/ife_unit/BP_UNIT/add_49_2/U120/ZN (INV_X1)           0.04       2.11 r
  dp/ife_unit/BP_UNIT/add_49_2/U129/ZN (OAI21_X1)         0.03       2.14 f
  dp/ife_unit/BP_UNIT/add_49_2/U139/ZN (AOI21_X1)         0.04       2.18 r
  dp/ife_unit/BP_UNIT/add_49_2/U138/ZN (OAI21_X1)         0.03       2.21 f
  dp/ife_unit/BP_UNIT/add_49_2/U130/ZN (INV_X1)           0.03       2.24 r
  dp/ife_unit/BP_UNIT/add_49_2/U136/ZN (NAND2_X1)         0.03       2.27 f
  dp/ife_unit/BP_UNIT/add_49_2/U135/ZN (AOI21_X1)         0.04       2.31 r
  dp/ife_unit/BP_UNIT/add_49_2/U175/ZN (NOR2_X1)          0.02       2.33 f
  dp/ife_unit/BP_UNIT/add_49_2/U100/ZN (NAND2_X1)         0.03       2.36 r
  dp/ife_unit/BP_UNIT/add_49_2/U193/ZN (OAI211_X1)        0.04       2.40 f
  dp/ife_unit/BP_UNIT/add_49_2/U236/ZN (INV_X1)           0.04       2.44 r
  dp/ife_unit/BP_UNIT/add_49_2/U165/ZN (NOR2_X1)          0.03       2.47 f
  dp/ife_unit/BP_UNIT/add_49_2/U98/ZN (NAND2_X1)          0.03       2.50 r
  dp/ife_unit/BP_UNIT/add_49_2/U204/ZN (NAND3_X1)         0.04       2.54 f
  dp/ife_unit/BP_UNIT/add_49_2/U106/ZN (NAND2_X1)         0.04       2.58 r
  dp/ife_unit/BP_UNIT/add_49_2/U169/ZN (AOI21_X1)         0.03       2.61 f
  dp/ife_unit/BP_UNIT/add_49_2/U216/ZN (NAND4_X1)         0.03       2.64 r
  dp/ife_unit/BP_UNIT/add_49_2/U123/ZN (NAND2_X1)         0.04       2.68 f
  dp/ife_unit/BP_UNIT/add_49_2/U178/ZN (AOI21_X1)         0.05       2.73 r
  dp/ife_unit/BP_UNIT/add_49_2/U170/ZN (OAI21_X1)         0.03       2.76 f
  dp/ife_unit/BP_UNIT/add_49_2/U224/ZN (OAI21_X1)         0.05       2.81 r
  dp/ife_unit/BP_UNIT/add_49_2/U173/Z (XOR2_X1)           0.03       2.85 f
  dp/ife_unit/BP_UNIT/add_49_2/SUM[31] (BP_NB32_BP_LEN4_DW01_add_1)
                                                          0.00       2.85 f
  dp/ife_unit/BP_UNIT/U1398/ZN (AOI222_X1)                0.07       2.91 r
  dp/ife_unit/BP_UNIT/U1400/ZN (INV_X1)                   0.03       2.94 f
  dp/ife_unit/BP_UNIT/PRED_HISTORY_reg[0][31]/D (DFFR_X1)
                                                          0.01       2.95 f
  data arrival time                                                  2.95

  clock CLK (rise edge)                                   3.00       3.00
  clock network delay (ideal)                             0.00       3.00
  dp/ife_unit/BP_UNIT/PRED_HISTORY_reg[0][31]/CK (DFFR_X1)
                                                          0.00       3.00 r
  library setup time                                     -0.04       2.96
  data required time                                                 2.96
  --------------------------------------------------------------------------
  data required time                                                 2.96
  data arrival time                                                 -2.95
  --------------------------------------------------------------------------
  slack (MET)                                                        0.01


1
